I'm sorry, but errors were detected in your script. Please correct the
errors listed below, and try again.


File "game/script.rpy", line 1: expected statement.
    이 파일에 게임 스크립트를 입력합니다.
                        ^

Ren'Py Version: Ren'Py 8.3.7.25031702
Sun Apr  6 22:31:53 2025
